main.c:90:5:max	16	static
main.c:94:5:randint	16	static
main.c:98:6:swap	24	static
main.c:123:6:printline	16	static
main.c:128:6:printscreen	24	static
main.c:146:6:printscreenbak	16	static
main.c:152:6:resetscreen	16	static
main.c:161:6:fillstring	40	static
main.c:168:6:fillstringcenter	32	static
main.c:184:6:menu_up	4	static
main.c:189:6:menu_down	4	static
main.c:196:6:fillmenu	48	static
main.c:244:6:makestick	32	static
main.c:250:6:initstick	24	static
main.c:263:6:drawstick	32	static
main.c:293:6:clear_text_input	16	static
main.c:300:6:text_input_append	16	static
main.c:305:6:text_input_backspace	4	static
main.c:310:5:text_input_read_int	8	static
main.c:314:6:fill_text_input	16	static
main.c:318:6:fill_text_input_center	16	static
main.c:322:6:render_text_input_screen	32	static
main.c:337:6:render_how_to_play	24	static
main.c:356:6:render_congratulation	32	static
main.c:382:6:change_screen	16	static
main.c:410:5:main	56	static
main.c:490:6:SystemClock_Config	88	static
main.c:534:13:MX_USART2_UART_Init	8	static
main.c:567:13:MX_GPIO_Init	48	static
main.c:596:6:HAL_UART_RxCpltCallback	24	static
main.c:719:6:StartDefaultTask	24	static
main.c:782:6:secondTickCallback	16	static
main.c:793:6:Error_Handler	4	static
