main.c:83:5:max	16	static
main.c:87:5:randint	16	static
main.c:91:6:swap	24	static
main.c:109:6:printline	16	static
main.c:114:6:printscreen	24	static
main.c:132:6:printscreenbak	16	static
main.c:138:6:resetscreen	16	static
main.c:147:6:fillstring	40	static
main.c:154:6:fillstringcenter	32	static
main.c:170:6:menu_up	4	static
main.c:175:6:menu_down	4	static
main.c:182:6:fillmenu	48	static
main.c:209:6:makestick	32	static
main.c:215:6:initstick	24	static
main.c:223:6:drawstick	24	static
main.c:239:6:clear_text_input	16	static
main.c:246:6:text_input_append	16	static
main.c:251:6:text_input_backspace	4	static
main.c:256:5:text_input_read_int	8	static
main.c:260:6:fill_text_input	16	static
main.c:264:6:fill_text_input_center	16	static
main.c:268:6:render_text_input_screen	32	static
main.c:284:6:change_screen	16	static
main.c:303:5:main	48	static
main.c:378:6:SystemClock_Config	88	static
main.c:422:13:MX_USART2_UART_Init	8	static
main.c:455:13:MX_GPIO_Init	48	static
main.c:484:6:HAL_UART_RxCpltCallback	24	static
main.c:553:6:StartDefaultTask	16	static
main.c:583:6:Error_Handler	4	static
